// Jest Snapshot v1, https://jestjs.io/docs/snapshot-testing

exports[`Sidebar snapshot renders correctly 1`] = `
<DocumentFragment>
  <aside
    class="sidebar"
    data-testid="sidebar"
  >
    <a
      aria-current="page"
      aria-label="Main page link"
      class="sidebar__logo active"
      data-discover="true"
      href="/"
    >
      <img
        alt="FinTrack logo"
        class="sidebar__logo-img"
        height="55"
        src="logo-mock"
        width="176"
      />
    </a>
    <nav
      class="sidebar__nav"
    >
      <ul
        class="sidebar__list"
      >
        <li
          class="sidebar__item"
        >
          <div
            class="sidebar__link"
          >
            <a
              aria-current="page"
              class="sidebar__link-wrap sidebar__link-wrap--active"
              data-discover="true"
              href="/"
            >
              <svg
                class="sidebar__link-icon"
                height="20"
                width="20"
              >
                <use
                  xlink:href="sprite-mock#home-icon"
                />
              </svg>
              <span
                class="sidebar__text"
              >
                Home
              </span>
            </a>
            <svg
              class="sidebar__arrow-icon "
              height="22"
              width="24"
            >
              <use
                xlink:href="sprite-mock#arrow-down-icon"
              />
            </svg>
          </div>
        </li>
        <li
          class="sidebar__item"
        >
          <div
            class="sidebar__link"
          >
            <a
              class="sidebar__link-wrap "
              data-discover="true"
              href="/dashboard"
            >
              <svg
                class="sidebar__link-icon"
                height="20"
                width="20"
              >
                <use
                  xlink:href="sprite-mock#dashboard-icon"
                />
              </svg>
              <span
                class="sidebar__text"
              >
                Dashboard
              </span>
            </a>
            <svg
              class="sidebar__arrow-icon "
              height="22"
              width="24"
            >
              <use
                xlink:href="sprite-mock#arrow-down-icon"
              />
            </svg>
          </div>
        </li>
        <li
          class="sidebar__item"
        >
          <div
            class="sidebar__link"
          >
            <a
              class="sidebar__link-wrap "
              data-discover="true"
              href="/notifications"
            >
              <svg
                class="sidebar__link-icon"
                height="20"
                width="20"
              >
                <use
                  xlink:href="sprite-mock#notifications-icon"
                />
              </svg>
              <span
                class="sidebar__text"
              >
                Notifications
              </span>
            </a>
          </div>
        </li>
        <li
          class="sidebar__item"
        >
          <div
            class="sidebar__link"
          >
            <a
              class="sidebar__link-wrap "
              data-discover="true"
              href="/consultation"
            >
              <svg
                class="sidebar__link-icon"
                height="20"
                width="20"
              >
                <use
                  xlink:href="sprite-mock#consultation-icon"
                />
              </svg>
              <span
                class="sidebar__text"
              >
                Consultation
              </span>
            </a>
          </div>
        </li>
        <li
          class="sidebar__item"
        >
          <div
            class="sidebar__link"
          >
            <a
              class="sidebar__link-wrap "
              data-discover="true"
              href="/report"
            >
              <svg
                class="sidebar__link-icon"
                height="20"
                width="20"
              >
                <use
                  xlink:href="sprite-mock#reporting-icon"
                />
              </svg>
              <span
                class="sidebar__text"
              >
                Report
              </span>
            </a>
          </div>
        </li>
        <li
          class="sidebar__item"
        >
          <div
            class="sidebar__link"
          >
            <a
              class="sidebar__link-wrap "
              data-discover="true"
              href="/support"
            >
              <svg
                class="sidebar__link-icon"
                height="20"
                width="20"
              >
                <use
                  xlink:href="sprite-mock#support-icon"
                />
              </svg>
              <span
                class="sidebar__text"
              >
                Support
              </span>
            </a>
          </div>
        </li>
      </ul>
    </nav>
  </aside>
</DocumentFragment>
`;
